// Jest Snapshot v1, https://goo.gl/fbAQLP

exports[`Image Carousel Snapshot test should ImageCarousel match snapshot 1`] = `
<DocumentFragment>
  <div
    class=" css-ohwg9z"
  >
    <div
      class="css-1f8sh1y"
      style="height: 100vh;"
    />
  </div>
</DocumentFragment>
`;
