// Jest Snapshot v1, https://goo.gl/fbAQLP

exports[`SliderButton snapshot test should SliderButton match snapshot 1`] = `
<DocumentFragment>
  <button>
    <svg
      aria-hidden="true"
      class="MuiSvgIcon-root MuiSvgIcon-fontSizeMedium css-i4bv87-MuiSvgIcon-root"
      data-testid="ArrowForwardIosIcon"
      focusable="false"
      viewBox="0 0 24 24"
    >
      <path
        d="M6.23 20.23 8 22l10-10L8 2 6.23 3.77 14.46 12z"
      />
    </svg>
  </button>
</DocumentFragment>
`;
