// Jest Snapshot v1, https://goo.gl/fbAQLP

exports[`Tour Page snapshot testing should Tour Page match snapshot 1`] = `
<DocumentFragment>
  <div>
    <div
      class="c"
    >
      <button
        class="MuiButtonBase-root MuiIconButton-root MuiIconButton-colorPrimary MuiIconButton-sizeMedium css-hh8ras-MuiButtonBase-root-MuiIconButton-root"
        id="p"
        tabindex="0"
        type="button"
      >
        <svg
          aria-hidden="true"
          class="MuiSvgIcon-root MuiSvgIcon-fontSizeMedium css-i4bv87-MuiSvgIcon-root"
          data-testid="ArrowForwardIosIcon"
          focusable="false"
          viewBox="0 0 24 24"
        >
          <path
            d="M6.23 20.23 8 22l10-10L8 2 6.23 3.77 14.46 12z"
          />
        </svg>
      </button>
      <button
        class="MuiButtonBase-root MuiIconButton-root MuiIconButton-colorPrimary MuiIconButton-sizeMedium css-nl7jpl-MuiButtonBase-root-MuiIconButton-root"
        id="n"
        tabindex="0"
        type="button"
      >
        <svg
          aria-hidden="true"
          class="MuiSvgIcon-root MuiSvgIcon-fontSizeMedium css-i4bv87-MuiSvgIcon-root"
          data-testid="ArrowForwardIosIcon"
          focusable="false"
          viewBox="0 0 24 24"
        >
          <path
            d="M6.23 20.23 8 22l10-10L8 2 6.23 3.77 14.46 12z"
          />
        </svg>
      </button>
      <div
        class="swiper swiper-initialized swiper-horizontal swiper-pointer-events swiper-watch-progress mySwiper2"
      >
        <div
          class="swiper-wrapper"
          style="transition-duration: 0ms; transform: translate3d(NaNpx, 0px, 0px);"
        >
          <div
            class="swiper-slide swiper-slide-duplicate"
            data-swiper-slide-index="0"
          >
            <img
              alt=""
              src="http://placeimg.com/1200/800/nature"
            />
          </div>
          <div
            class="swiper-slide swiper-slide-duplicate"
            data-swiper-slide-index="1"
          >
            <img
              alt=""
              src="http://placeimg.com/800/1200/nature"
            />
          </div>
          <div
            class="swiper-slide swiper-slide-duplicate"
            data-swiper-slide-index="2"
          >
            <img
              alt=""
              src="http://placeimg.com/800/1200/nature"
            />
          </div>
          <div
            class="swiper-slide swiper-slide-duplicate"
            data-swiper-slide-index="3"
          >
            <img
              alt=""
              src="http://placeimg.com/1920/1080/nature"
            />
          </div>
          <div
            class="swiper-slide swiper-slide-duplicate"
            data-swiper-slide-index="4"
          >
            <img
              alt=""
              src="http://placeimg.com/1500/500/nature"
            />
          </div>
          <div
            class="swiper-slide swiper-slide-duplicate"
            data-swiper-slide-index="5"
          >
            <img
              alt=""
              src="http://placeimg.com/1500/500/nature"
            />
          </div>
          <div
            class="swiper-slide swiper-slide-duplicate"
            data-swiper-slide-index="6"
          >
            <img
              alt=""
              src="http://placeimg.com/800/1200/nature"
            />
          </div>
          <div
            class="swiper-slide swiper-slide-duplicate"
            data-swiper-slide-index="7"
          >
            <img
              alt=""
              src="http://placeimg.com/1500/500/nature"
            />
          </div>
          <div
            class="swiper-slide swiper-slide-duplicate"
            data-swiper-slide-index="8"
          >
            <img
              alt=""
              src="http://placeimg.com/1200/800/nature"
            />
          </div>
          <div
            class="swiper-slide swiper-slide-duplicate"
            data-swiper-slide-index="9"
          >
            <img
              alt=""
              src="http://placeimg.com/1200/800/nature"
            />
          </div>
          <div
            class="swiper-slide swiper-slide-duplicate"
            data-swiper-slide-index="10"
          >
            <img
              alt=""
              src="http://placeimg.com/1200/800/nature"
            />
          </div>
          <div
            class="swiper-slide"
            data-swiper-slide-index="0"
          >
            <img
              alt=""
              src="http://placeimg.com/1200/800/nature"
            />
          </div>
          <div
            class="swiper-slide"
            data-swiper-slide-index="1"
          >
            <img
              alt=""
              src="http://placeimg.com/800/1200/nature"
            />
          </div>
          <div
            class="swiper-slide"
            data-swiper-slide-index="2"
          >
            <img
              alt=""
              src="http://placeimg.com/800/1200/nature"
            />
          </div>
          <div
            class="swiper-slide"
            data-swiper-slide-index="3"
          >
            <img
              alt=""
              src="http://placeimg.com/1920/1080/nature"
            />
          </div>
          <div
            class="swiper-slide"
            data-swiper-slide-index="4"
          >
            <img
              alt=""
              src="http://placeimg.com/1500/500/nature"
            />
          </div>
          <div
            class="swiper-slide"
            data-swiper-slide-index="5"
          >
            <img
              alt=""
              src="http://placeimg.com/1500/500/nature"
            />
          </div>
          <div
            class="swiper-slide"
            data-swiper-slide-index="6"
          >
            <img
              alt=""
              src="http://placeimg.com/800/1200/nature"
            />
          </div>
          <div
            class="swiper-slide"
            data-swiper-slide-index="7"
          >
            <img
              alt=""
              src="http://placeimg.com/1500/500/nature"
            />
          </div>
          <div
            class="swiper-slide"
            data-swiper-slide-index="8"
          >
            <img
              alt=""
              src="http://placeimg.com/1200/800/nature"
            />
          </div>
          <div
            class="swiper-slide"
            data-swiper-slide-index="9"
          >
            <img
              alt=""
              src="http://placeimg.com/1200/800/nature"
            />
          </div>
          <div
            class="swiper-slide"
            data-swiper-slide-index="10"
          >
            <img
              alt=""
              src="http://placeimg.com/1200/800/nature"
            />
          </div>
          <div
            class="swiper-slide swiper-slide-duplicate"
            data-swiper-slide-index="0"
          >
            <img
              alt=""
              src="http://placeimg.com/1200/800/nature"
            />
          </div>
          <div
            class="swiper-slide swiper-slide-duplicate"
            data-swiper-slide-index="1"
          >
            <img
              alt=""
              src="http://placeimg.com/800/1200/nature"
            />
          </div>
          <div
            class="swiper-slide swiper-slide-duplicate"
            data-swiper-slide-index="2"
          >
            <img
              alt=""
              src="http://placeimg.com/800/1200/nature"
            />
          </div>
          <div
            class="swiper-slide swiper-slide-duplicate"
            data-swiper-slide-index="3"
          >
            <img
              alt=""
              src="http://placeimg.com/1920/1080/nature"
            />
          </div>
          <div
            class="swiper-slide swiper-slide-duplicate"
            data-swiper-slide-index="4"
          >
            <img
              alt=""
              src="http://placeimg.com/1500/500/nature"
            />
          </div>
          <div
            class="swiper-slide swiper-slide-duplicate"
            data-swiper-slide-index="5"
          >
            <img
              alt=""
              src="http://placeimg.com/1500/500/nature"
            />
          </div>
          <div
            class="swiper-slide swiper-slide-duplicate"
            data-swiper-slide-index="6"
          >
            <img
              alt=""
              src="http://placeimg.com/800/1200/nature"
            />
          </div>
          <div
            class="swiper-slide swiper-slide-duplicate"
            data-swiper-slide-index="7"
          >
            <img
              alt=""
              src="http://placeimg.com/1500/500/nature"
            />
          </div>
          <div
            class="swiper-slide swiper-slide-duplicate"
            data-swiper-slide-index="8"
          >
            <img
              alt=""
              src="http://placeimg.com/1200/800/nature"
            />
          </div>
          <div
            class="swiper-slide swiper-slide-duplicate"
            data-swiper-slide-index="9"
          >
            <img
              alt=""
              src="http://placeimg.com/1200/800/nature"
            />
          </div>
          <div
            class="swiper-slide swiper-slide-duplicate"
            data-swiper-slide-index="10"
          >
            <img
              alt=""
              src="http://placeimg.com/1200/800/nature"
            />
          </div>
        </div>
      </div>
      <div
        class="swiper swiper-initialized swiper-horizontal swiper-pointer-events swiper-watch-progress thumbsSwiper swiper-thumbs"
        style="height: 70px; width: auto;"
      >
        <div
          class="swiper-wrapper"
          style="transition-duration: 0ms; transform: translate3d(NaNpx, 0px, 0px);"
        >
          <div
            class="swiper-slide"
          >
            <img
              alt=""
              src="http://placeimg.com/1200/800/nature"
            />
          </div>
          <div
            class="swiper-slide"
          >
            <img
              alt=""
              src="http://placeimg.com/800/1200/nature"
            />
          </div>
          <div
            class="swiper-slide"
          >
            <img
              alt=""
              src="http://placeimg.com/800/1200/nature"
            />
          </div>
          <div
            class="swiper-slide"
          >
            <img
              alt=""
              src="http://placeimg.com/1920/1080/nature"
            />
          </div>
          <div
            class="swiper-slide"
          >
            <img
              alt=""
              src="http://placeimg.com/1500/500/nature"
            />
          </div>
          <div
            class="swiper-slide"
          >
            <img
              alt=""
              src="http://placeimg.com/1500/500/nature"
            />
          </div>
          <div
            class="swiper-slide"
          >
            <img
              alt=""
              src="http://placeimg.com/800/1200/nature"
            />
          </div>
          <div
            class="swiper-slide"
          >
            <img
              alt=""
              src="http://placeimg.com/1500/500/nature"
            />
          </div>
          <div
            class="swiper-slide"
          >
            <img
              alt=""
              src="http://placeimg.com/1200/800/nature"
            />
          </div>
          <div
            class="swiper-slide"
          >
            <img
              alt=""
              src="http://placeimg.com/1200/800/nature"
            />
          </div>
          <div
            class="swiper-slide"
          >
            <img
              alt=""
              src="http://placeimg.com/1200/800/nature"
            />
          </div>
        </div>
      </div>
    </div>
  </div>
  <div
    class="css-2k8nkm"
  >
    <div>
      <nav
        class="css-1ykz72r"
      >
        <div>
          <a>
            About us
          </a>
          <a>
            Reasons to choose
          </a>
          <a>
            What is included?
          </a>
        </div>
      </nav>
    </div>
  </div>
  <div
    class="css-1nmiu5j"
  >
    <div>
      <div>
        <div
          sx="[object Object]"
        >
          <div
            class="css-hyfiop"
            id="about-tour"
          >
            <p>
              About tour
            </p>
            <div
              sx="[object Object]"
            >
              <p>
                Each medieval city is full of various legends and mystical stories. Lviv is no exception because more than 760 years of history simply could not help but leave mysterious legends.
              </p>
              <p>
                The guide will tell and show that Lviv legends can impress no less than Lviv architecture. This tour will be filled with incredible stories - unusual stories from the life of the Galician capital.
              </p>
              <p>
                How can one explain the black colour of one of the houses on Rynok Square? How did Adam Senyavsky marry his daughter? How did the first bulletin board appear in Lviv? Why did one Lviv lady make a not entirely decent offer to the tram? Are the legends about Lviv ghosts true? What do Lviv courtyards hide?
              </p>
              <p>
                All this and more you can learn during this tour.
              </p>
              <p>
                Looks like today. The program of individual excursions: at any hour.
              </p>
            </div>
          </div>
          <div
            class="css-hyfiop"
            id="reasons-to-choose"
          >
            <div>
              <div>
                <div>
                  TourReasonToChoose
                </div>
                <div>
                  TourReasonToChoose
                </div>
                <div>
                  TourReasonToChoose
                </div>
              </div>
            </div>
          </div>
          <div
            class="css-hyfiop"
            id="included"
          >
            <div>
              <div>
                <div>
                  <svg
                    aria-hidden="true"
                    class="MuiSvgIcon-root MuiSvgIcon-colorPrimary MuiSvgIcon-fontSizeMedium css-ci5apu-MuiSvgIcon-root"
                    data-testid="PersonIcon"
                    focusable="false"
                    viewBox="0 0 24 24"
                  >
                    <path
                      d="M12 12c2.21 0 4-1.79 4-4s-1.79-4-4-4-4 1.79-4 4 1.79 4 4 4zm0 2c-2.67 0-8 1.34-8 4v2h16v-2c0-2.66-5.33-4-8-4z"
                    />
                  </svg>
                  <p>
                    Professional guide
                  </p>
                </div>
                <div>
                  <svg
                    aria-hidden="true"
                    class="MuiSvgIcon-root MuiSvgIcon-colorPrimary MuiSvgIcon-fontSizeMedium css-ci5apu-MuiSvgIcon-root"
                    data-testid="BedIcon"
                    focusable="false"
                    viewBox="0 0 24 24"
                  >
                    <path
                      d="M21 10.78V8c0-1.65-1.35-3-3-3h-4c-.77 0-1.47.3-2 .78-.53-.48-1.23-.78-2-.78H6C4.35 5 3 6.35 3 8v2.78c-.61.55-1 1.34-1 2.22v6h2v-2h16v2h2v-6c0-.88-.39-1.67-1-2.22zM14 7h4c.55 0 1 .45 1 1v2h-6V8c0-.55.45-1 1-1zM5 8c0-.55.45-1 1-1h4c.55 0 1 .45 1 1v2H5V8z"
                    />
                  </svg>
                  <p>
                    Accomodation
                  </p>
                </div>
              </div>
            </div>
          </div>
        </div>
      </div>
      <div
        class="css-13fe9vk"
      >
        <div>
          <p>
            €70
          </p>
          <button>
            More info
          </button>
        </div>
      </div>
    </div>
    <div>
      <div
        class="css-v912gw"
      >
        <div>
          <div>
            <p>
              €70
            </p>
            <button>
              More info
            </button>
          </div>
        </div>
      </div>
    </div>
  </div>
</DocumentFragment>
`;
