// Jest Snapshot v1, https://goo.gl/fbAQLP

exports[`CheckoutSummary snapshot test should CheckoutSummary match snapshot 1`] = `
<DocumentFragment>
  <div>
    Order Summary
  </div>
  <button>
    Continue Shopping
  </button>
</DocumentFragment>
`;
