// Jest Snapshot v1, https://goo.gl/fbAQLP

exports[`OutlinedToggleButton snapshot test should OutlinedToggleButton match snapshot 1`] = `
<DocumentFragment>
  <button />
</DocumentFragment>
`;
