// Jest Snapshot v1, https://goo.gl/fbAQLP

exports[`Swiper has to render swiper renders 1`] = `
<DocumentFragment>
  <div
    class="c"
  >
    <button>
      test button
    </button>
    <button>
      test button
    </button>
    <div
      class="swiper swiper-initialized swiper-horizontal swiper-pointer-events swiper-watch-progress mySwiper2"
    >
      <div
        class="swiper-wrapper"
        style="transition-duration: 0ms; transform: translate3d(NaNpx, 0px, 0px);"
      >
        <div
          class="swiper-slide swiper-slide-duplicate"
          data-swiper-slide-index="0"
        >
          <img
            alt=""
            src="test1"
          />
        </div>
        <div
          class="swiper-slide swiper-slide-duplicate"
          data-swiper-slide-index="1"
        >
          <img
            alt=""
            src="test2"
          />
        </div>
        <div
          class="swiper-slide swiper-slide-duplicate"
          data-swiper-slide-index="2"
        >
          <img
            alt=""
            src="test3"
          />
        </div>
        <div
          class="swiper-slide"
          data-swiper-slide-index="0"
        >
          <img
            alt=""
            src="test1"
          />
        </div>
        <div
          class="swiper-slide"
          data-swiper-slide-index="1"
        >
          <img
            alt=""
            src="test2"
          />
        </div>
        <div
          class="swiper-slide"
          data-swiper-slide-index="2"
        >
          <img
            alt=""
            src="test3"
          />
        </div>
        <div
          class="swiper-slide swiper-slide-duplicate"
          data-swiper-slide-index="0"
        >
          <img
            alt=""
            src="test1"
          />
        </div>
        <div
          class="swiper-slide swiper-slide-duplicate"
          data-swiper-slide-index="1"
        >
          <img
            alt=""
            src="test2"
          />
        </div>
        <div
          class="swiper-slide swiper-slide-duplicate"
          data-swiper-slide-index="2"
        >
          <img
            alt=""
            src="test3"
          />
        </div>
      </div>
    </div>
    <div
      class="swiper swiper-initialized swiper-horizontal swiper-pointer-events swiper-watch-progress thumbsSwiper swiper-thumbs"
      style="height: 70px; width: auto;"
    >
      <div
        class="swiper-wrapper"
        style="transition-duration: 0ms; transform: translate3d(NaNpx, 0px, 0px);"
      >
        <div
          class="swiper-slide"
        >
          <img
            alt=""
            src="test1"
          />
        </div>
        <div
          class="swiper-slide"
        >
          <img
            alt=""
            src="test2"
          />
        </div>
        <div
          class="swiper-slide"
        >
          <img
            alt=""
            src="test3"
          />
        </div>
      </div>
    </div>
  </div>
</DocumentFragment>
`;
