// Jest Snapshot v1, https://goo.gl/fbAQLP

exports[`CartItem snapshot test should CartItem match snapshot 1`] = `
<DocumentFragment>
  <div>
    <span>
      <svg
        aria-hidden="true"
        class="MuiSvgIcon-root MuiSvgIcon-fontSizeMedium css-i4bv87-MuiSvgIcon-root"
        data-testid="DeleteOutlineIcon"
        focusable="false"
        viewBox="0 0 24 24"
      >
        <path
          d="M6 19c0 1.1.9 2 2 2h8c1.1 0 2-.9 2-2V7H6v12zM8 9h8v10H8V9zm7.5-5-1-1h-5l-1 1H5v2h14V4z"
        />
      </svg>
    </span>
    <div />
    <div>
      <p>
        Sightseeing tour of Chernivtsi
      </p>
      <div>
        <div>
          <svg>
            CoinsIcon.svg
          </svg>
          <p>
            69 â‚¬
          </p>
        </div>
        <div>
          <svg
            aria-hidden="true"
            class="MuiSvgIcon-root MuiSvgIcon-colorPrimary MuiSvgIcon-fontSizeMedium css-1fb58gc-MuiSvgIcon-root"
            data-testid="AccessTimeIcon"
            focusable="false"
            viewBox="0 0 24 24"
          >
            <path
              d="M11.99 2C6.47 2 2 6.48 2 12s4.47 10 9.99 10C17.52 22 22 17.52 22 12S17.52 2 11.99 2zM12 20c-4.42 0-8-3.58-8-8s3.58-8 8-8 8 3.58 8 8-3.58 8-8 8z"
            />
            <path
              d="M12.5 7H11v6l5.25 3.15.75-1.23-4.5-2.67z"
            />
          </svg>
          <p>
            3 hours
          </p>
        </div>
      </div>
      <div>
        <span>
          <svg
            aria-hidden="true"
            class="MuiSvgIcon-root MuiSvgIcon-fontSizeMedium css-i4bv87-MuiSvgIcon-root"
            data-testid="RemoveIcon"
            focusable="false"
            viewBox="0 0 24 24"
          >
            <path
              d="M19 13H5v-2h14v2z"
            />
          </svg>
        </span>
        <div />
        <span>
          <svg
            aria-hidden="true"
            class="MuiSvgIcon-root MuiSvgIcon-fontSizeMedium css-i4bv87-MuiSvgIcon-root"
            data-testid="AddIcon"
            focusable="false"
            viewBox="0 0 24 24"
          >
            <path
              d="M19 13h-6v6h-2v-6H5v-2h6V5h2v6h6v2z"
            />
          </svg>
        </span>
      </div>
      <div>
        <button
          type="button"
        >
          More details
        </button>
      </div>
    </div>
  </div>
</DocumentFragment>
`;
