// Jest Snapshot v1, https://goo.gl/fbAQLP

exports[`UserInfoForm snapshot test should UserInfoForm match snapshot 1`] = `
<DocumentFragment>
  <p>
    User Info
  </p>
  <div>
    <div>
      <div
        class="MuiFormControl-root MuiFormControl-fullWidth MuiTextField-root css-wb57ya-MuiFormControl-root-MuiTextField-root"
      >
        <div>
          First Name
        </div>
        <div
          class="MuiInputBase-root MuiOutlinedInput-root MuiInputBase-colorPrimary MuiInputBase-fullWidth MuiInputBase-formControl css-md26zr-MuiInputBase-root-MuiOutlinedInput-root"
        >
          <input
            aria-invalid="false"
            class="MuiInputBase-input MuiOutlinedInput-input css-1t8l2tu-MuiInputBase-input-MuiOutlinedInput-input"
            id=":r0:"
            name="firstName"
            required=""
            type="text"
            value=""
          />
          <fieldset
            aria-hidden="true"
            class="MuiOutlinedInput-notchedOutline css-1d3z3hw-MuiOutlinedInput-notchedOutline"
          >
            <legend
              class="css-yjsfm1"
            >
              <span>
                First Name *
              </span>
            </legend>
          </fieldset>
        </div>
      </div>
    </div>
    <div>
      <div
        class="MuiFormControl-root MuiFormControl-fullWidth MuiTextField-root css-wb57ya-MuiFormControl-root-MuiTextField-root"
      >
        <div>
          Last Name
        </div>
        <div
          class="MuiInputBase-root MuiOutlinedInput-root MuiInputBase-colorPrimary MuiInputBase-fullWidth MuiInputBase-formControl css-md26zr-MuiInputBase-root-MuiOutlinedInput-root"
        >
          <input
            aria-invalid="false"
            class="MuiInputBase-input MuiOutlinedInput-input css-1t8l2tu-MuiInputBase-input-MuiOutlinedInput-input"
            id=":r1:"
            name="lastName"
            required=""
            type="text"
            value=""
          />
          <fieldset
            aria-hidden="true"
            class="MuiOutlinedInput-notchedOutline css-1d3z3hw-MuiOutlinedInput-notchedOutline"
          >
            <legend
              class="css-yjsfm1"
            >
              <span>
                Last Name *
              </span>
            </legend>
          </fieldset>
        </div>
      </div>
    </div>
    <div>
      <div>
        Gender
      </div>
      <div
        aria-labelledby="gender"
        class="MuiFormGroup-root MuiFormGroup-row css-qfz70r-MuiFormGroup-root"
        role="radiogroup"
      >
        <div />
        <div />
        <div />
      </div>
    </div>
    <div>
      <input
        label="Birthdate"
        name="birthdate"
        value=""
      />
    </div>
    <div>
      <div
        class="MuiFormControl-root MuiFormControl-fullWidth MuiTextField-root css-wb57ya-MuiFormControl-root-MuiTextField-root"
      >
        <div>
          Phone
        </div>
        <div
          class="MuiInputBase-root MuiOutlinedInput-root MuiInputBase-colorPrimary MuiInputBase-fullWidth MuiInputBase-formControl css-md26zr-MuiInputBase-root-MuiOutlinedInput-root"
        >
          <input
            aria-invalid="false"
            class="MuiInputBase-input MuiOutlinedInput-input css-1t8l2tu-MuiInputBase-input-MuiOutlinedInput-input"
            id=":r3:"
            name="telephone"
            type="text"
            value=""
          />
          <fieldset
            aria-hidden="true"
            class="MuiOutlinedInput-notchedOutline css-1d3z3hw-MuiOutlinedInput-notchedOutline"
          >
            <legend
              class="css-yjsfm1"
            >
              <span>
                Phone
              </span>
            </legend>
          </fieldset>
        </div>
      </div>
    </div>
  </div>
</DocumentFragment>
`;
