// Jest Snapshot v1, https://goo.gl/fbAQLP

exports[`TotalInfoDialog snapshot test should TotalInfoDialog match snapshot 1`] = `
<DocumentFragment>
  <div>
    <div>
      <p>
        Total
      </p>
      <div>
        <p>
          Tours amount:
        </p>
        <p />
      </div>
    </div>
    <div>
      <p>
        Currency
      </p>
      <div
        class="MuiInputBase-root MuiOutlinedInput-root MuiInputBase-colorPrimary MuiInputBase-fullWidth css-rtvg6-MuiInputBase-root-MuiOutlinedInput-root-MuiSelect-root"
      >
        <div
          aria-expanded="false"
          aria-haspopup="listbox"
          class="MuiSelect-select MuiSelect-outlined MuiInputBase-input MuiOutlinedInput-input css-11u53oe-MuiSelect-select-MuiInputBase-input-MuiOutlinedInput-input"
          role="button"
          tabindex="0"
        >
          EUR
        </div>
        <input
          aria-hidden="true"
          class="MuiSelect-nativeInput css-yf8vq0-MuiSelect-nativeInput"
          tabindex="-1"
          value="eur"
        />
        <svg
          aria-hidden="true"
          class="MuiSvgIcon-root MuiSvgIcon-fontSizeMedium MuiSelect-icon MuiSelect-iconOutlined css-hfutr2-MuiSvgIcon-root-MuiSelect-icon"
          data-testid="ExpandMoreIcon"
          focusable="false"
          viewBox="0 0 24 24"
        >
          <path
            d="M16.59 8.59 12 13.17 7.41 8.59 6 10l6 6 6-6z"
          />
        </svg>
        <fieldset
          aria-hidden="true"
          class="MuiOutlinedInput-notchedOutline css-1d3z3hw-MuiOutlinedInput-notchedOutline"
        >
          <legend
            class="css-ihdtdm"
          >
            <span
              class="notranslate"
            >
              ​
            </span>
          </legend>
        </fieldset>
      </div>
    </div>
    <div>
      <div>
        <p>
          To be paid:
        </p>
        <p>
          €
        </p>
      </div>
    </div>
    <div>
      <div>
        <button
          type="button"
        >
          Checkout
        </button>
      </div>
    </div>
  </div>
</DocumentFragment>
`;
