// Jest Snapshot v1, https://goo.gl/fbAQLP

exports[`FilterAccordion snapshot test should FilterAccordion match snapshot 1`] = `
<DocumentFragment>
  <div>
    <div>
      <p />
    </div>
    <div>
      <p />
    </div>
  </div>
</DocumentFragment>
`;
