// Jest Snapshot v1, https://goo.gl/fbAQLP

exports[`Render LogInForm should LogInForm render 1`] = `
<DocumentFragment>
  <form
    action="#"
  >
    <div
      class="MuiGrid-root MuiGrid-container MuiGrid-direction-xs-column css-t0zib5-MuiGrid-root"
    >
      <div
        class="MuiGrid-root MuiGrid-item css-93lq6l-MuiGrid-root"
      >
        <div
          class="MuiFormControl-root MuiFormControl-fullWidth MuiTextField-root css-wb57ya-MuiFormControl-root-MuiTextField-root"
        >
          <label
            class="MuiFormLabel-root MuiInputLabel-root MuiInputLabel-formControl MuiInputLabel-animated MuiInputLabel-outlined MuiFormLabel-colorPrimary MuiInputLabel-root MuiInputLabel-formControl MuiInputLabel-animated MuiInputLabel-outlined css-14s5rfu-MuiFormLabel-root-MuiInputLabel-root"
            data-shrink="false"
            for=":r0:"
            id=":r0:-label"
          >
            Email
          </label>
          <div
            class="MuiInputBase-root MuiOutlinedInput-root MuiInputBase-colorPrimary MuiInputBase-fullWidth MuiInputBase-formControl css-md26zr-MuiInputBase-root-MuiOutlinedInput-root"
          >
            <input
              aria-invalid="false"
              class="MuiInputBase-input MuiOutlinedInput-input css-1t8l2tu-MuiInputBase-input-MuiOutlinedInput-input"
              id=":r0:"
              name="loginOrEmail"
              type="text"
              value=""
            />
            <fieldset
              aria-hidden="true"
              class="MuiOutlinedInput-notchedOutline css-1d3z3hw-MuiOutlinedInput-notchedOutline"
            >
              <legend
                class="css-yjsfm1"
              >
                <span>
                  Email
                </span>
              </legend>
            </fieldset>
          </div>
        </div>
      </div>
      <div
        class="MuiGrid-root css-7net31-MuiGrid-root"
      >
        <div
          class="MuiFormControl-root MuiFormControl-fullWidth MuiTextField-root css-wb57ya-MuiFormControl-root-MuiTextField-root"
        >
          <label
            class="MuiFormLabel-root MuiInputLabel-root MuiInputLabel-formControl MuiInputLabel-animated MuiInputLabel-outlined MuiFormLabel-colorPrimary MuiInputLabel-root MuiInputLabel-formControl MuiInputLabel-animated MuiInputLabel-outlined css-14s5rfu-MuiFormLabel-root-MuiInputLabel-root"
            data-shrink="false"
            for=":r1:"
            id=":r1:-label"
          >
            Password
          </label>
          <div
            class="MuiInputBase-root MuiOutlinedInput-root MuiInputBase-colorPrimary MuiInputBase-fullWidth MuiInputBase-formControl css-md26zr-MuiInputBase-root-MuiOutlinedInput-root"
          >
            <input
              aria-invalid="false"
              class="MuiInputBase-input MuiOutlinedInput-input css-1t8l2tu-MuiInputBase-input-MuiOutlinedInput-input"
              id=":r1:"
              name="password"
              type="password"
              value=""
            />
            <fieldset
              aria-hidden="true"
              class="MuiOutlinedInput-notchedOutline css-1d3z3hw-MuiOutlinedInput-notchedOutline"
            >
              <legend
                class="css-yjsfm1"
              >
                <span>
                  Password
                </span>
              </legend>
            </fieldset>
          </div>
        </div>
      </div>
    </div>
    <div>
      <button>
        sign up
      </button>
      <button>
        log in
      </button>
    </div>
  </form>
</DocumentFragment>
`;
