// Jest Snapshot v1, https://goo.gl/fbAQLP

exports[`Render ButtonContainer should ButtonContainer render 1`] = `
<DocumentFragment>
  <div>
    <button>
      log out
    </button>
  </div>
</DocumentFragment>
`;
