// Jest Snapshot v1, https://goo.gl/fbAQLP

exports[`CatalogTourCard snapshot test should CatalogTourCard match snapshot 1`] = `
<DocumentFragment>
  <div>
    <div />
    <div>
      <p>
        ItemName
      </p>
      <div>
        <div>
          <svg>
            CoinsIcon.svg
          </svg>
          <p>
            1 â‚¬
          </p>
        </div>
        <div>
          <svg
            aria-hidden="true"
            class="MuiSvgIcon-root MuiSvgIcon-colorPrimary MuiSvgIcon-fontSizeMedium css-1fb58gc-MuiSvgIcon-root"
            data-testid="AccessTimeIcon"
            focusable="false"
            viewBox="0 0 24 24"
          >
            <path
              d="M11.99 2C6.47 2 2 6.48 2 12s4.47 10 9.99 10C17.52 22 22 17.52 22 12S17.52 2 11.99 2zM12 20c-4.42 0-8-3.58-8-8s3.58-8 8-8 8 3.58 8 8-3.58 8-8 8z"
            />
            <path
              d="M12.5 7H11v6l5.25 3.15.75-1.23-4.5-2.67z"
            />
          </svg>
          <p>
            ItemDuration
          </p>
        </div>
      </div>
      <p>
        Itemdescription
      </p>
      <div>
        <button>
          More details
        </button>
      </div>
    </div>
  </div>
</DocumentFragment>
`;
