// Jest Snapshot v1, https://goo.gl/fbAQLP

exports[`CatalogFilterPrice snapshot test should CatalogFilterPrice match snapshot 1`] = `
<DocumentFragment>
  <div
    class="MuiPaper-root MuiPaper-elevation MuiPaper-elevation0 MuiAccordion-root Mui-expanded MuiAccordion-gutters css-18xlkcq-MuiPaper-root-MuiAccordion-root"
  >
    <div
      aria-expanded="true"
      class="MuiButtonBase-root MuiAccordionSummary-root Mui-expanded MuiAccordionSummary-gutters css-1t26u27-MuiButtonBase-root-MuiAccordionSummary-root"
      role="button"
      tabindex="0"
    >
      <div
        class="MuiAccordionSummary-content Mui-expanded MuiAccordionSummary-contentGutters css-o4b71y-MuiAccordionSummary-content"
      >
        <p
          class="MuiTypography-root MuiTypography-body1 css-16as4g4-MuiTypography-root"
        >
          Price
        </p>
      </div>
      <div
        class="MuiAccordionSummary-expandIconWrapper Mui-expanded css-yw020d-MuiAccordionSummary-expandIconWrapper"
      >
        <svg
          aria-hidden="true"
          class="MuiSvgIcon-root MuiSvgIcon-colorPrimary MuiSvgIcon-fontSizeMedium css-ci5apu-MuiSvgIcon-root"
          data-testid="ExpandMoreIcon"
          focusable="false"
          viewBox="0 0 24 24"
        >
          <path
            d="M16.59 8.59 12 13.17 7.41 8.59 6 10l6 6 6-6z"
          />
        </svg>
      </div>
    </div>
    <div
      class="MuiCollapse-root MuiCollapse-vertical MuiCollapse-entered css-pwcg7p-MuiCollapse-root"
      style="min-height: 0px;"
    >
      <div
        class="MuiCollapse-wrapper MuiCollapse-vertical css-smkl36-MuiCollapse-wrapper"
      >
        <div
          class="MuiCollapse-wrapperInner MuiCollapse-vertical css-9l5vo-MuiCollapse-wrapperInner"
        >
          <div
            class="MuiAccordion-region"
            role="region"
          >
            <div
              class="MuiAccordionDetails-root css-1cwf0m9-MuiAccordionDetails-root"
            >
              <div>
                <input />
                <input />
              </div>
              <div>
                <span />
              </div>
            </div>
          </div>
        </div>
      </div>
    </div>
  </div>
</DocumentFragment>
`;
